goal: "a" ++ "b" = "ab"

query:
(assert (not (= (str.++ "a" "b") "ab")))
(check-sat)

result: unsat
