goal: "" = ""

query:
(assert (not (= "" "")))
(check-sat)

result: unsat
