goal: String.get "a" 0 = Char.ofNat 97

query:
(assert (not (= (str.to_code (str.at "a" 0)) 97)))
(check-sat)

result: unsat
