goal: "a" < "b"

query:
(assert (not (str.< "a" "b")))
(check-sat)

result: unsat
