goal: x = y â†’ f x = f y

query:
(define-sort Nat () Int)
(declare-const x Nat)
(assert (>= x 0))
(declare-const y Nat)
(assert (>= y 0))
(declare-fun f (Nat) Nat)
(assert (forall ((_uniq.34 Nat)) (=> (>= _uniq.34 0) (>= (f _uniq.34) 0))))
(assert (not (=> (= x y) (= (f x) (f y)))))
(check-sat)

result: unsat
