goal: âˆ€ (x : Nat), x â‰¥ 0

query:
(assert (not (forall ((x Int)) (=> (>= x 0) (>= x 0)))))
(check-sat)

result: unsat
