goal: 0 + 1 = 1

query:
(assert (not (= (+ 0 1) 1)))
(check-sat)

result: unsat
failed to reconstruct proof: tactic 'apply' failed, failed to unify
  ¬Int.ofNat 0 + 1 = 1 → False
with
  ¬¬0 + 1 = 1
⊢ ¬¬0 + 1 = 1
