query:
(set-logic QF_UF)
(assert false)
(check-sat)
(get-proof)

res: unsat

proof:
import Smt.Reconstruction.Certifying

open Classical



set_option maxRecDepth 10000
set_option maxHeartbeats 500000


theorem th0 : False â†’ False :=
fun lean_a0 : False => by
show false from lean_a0



