goal: (p → q) → (q → r) → p → r

query:
(declare-const r Bool)
(declare-const p Bool)
(declare-const q Bool)
(assert (not (=> (=> p q) (=> (=> q r) (=> p r)))))
(check-sat)

result: unsat
