goal: p → (p → q) → q

query:
(declare-const q Bool)
(declare-const p Bool)
(assert (not (=> p (=> (=> p q) q))))
(check-sat)

result: unsat
