goal: p = q â†’ q = p

query:
(declare-const q Bool)
(declare-const p Bool)
(assert (not (=> (= p q) (= q p))))
(check-sat)

result: unsat
