goal: True

query:
(assert (not true))
(check-sat)

result: unsat
