Test/Rat/linarith.lean:74:9: warning: unused variable `a`
note: this linter can be disabled with `set_option linter.unusedVariables false`
Test/Rat/linarith.lean:74:13: warning: unused variable `c`
note: this linter can be disabled with `set_option linter.unusedVariables false`
Test/Rat/linarith.lean:84:9: warning: unused variable `a`
note: this linter can be disabled with `set_option linter.unusedVariables false`
Test/Rat/linarith.lean:84:13: warning: unused variable `c`
note: this linter can be disabled with `set_option linter.unusedVariables false`
