Before: [hpqr, ht, ht', t]
After: [hpqr,
 ht,
 ht',
 Smt.Preprocess.eq_resolve t
   (of_eq_true
     (Eq.trans
       (congr (congrArg Eq (forall_congr fun p => Eq.trans Smt.Preprocess.iff_eq_eq (eq_self p)))
         (forall_congr fun p => eq_self p))
       (eq_self (âˆ€ (p : Prop), True))))]
Test/Unit/Iff.lean:18:24: warning: unused variable `ht`
note: this linter can be disabled with `set_option linter.unusedVariables false`
Test/Unit/Iff.lean:18:63: warning: unused variable `ht'`
note: this linter can be disabled with `set_option linter.unusedVariables false`
