goal: p = true → q = true → (p && q) = true

query:
(declare-const q Bool)
(declare-const p Bool)
(assert (not (=> (= p true) (=> (= q true) (= (and p q) true)))))
(check-sat)

result: unsat
failed to reconstruct proof: encountered errors elaborating cvc5 proof
