goal: (p || q) = true → (!p) = true → q = true

query:
(declare-const q Bool)
(declare-const p Bool)
(assert (not (=> (= (or p q) true) (=> (= (not p) true) (= q true)))))
(check-sat)

result: unsat
failed to reconstruct proof: incorrect number of universe levels th0
