goal: (p && q) = true â†’ p = true

query:
(declare-const q Bool)
(declare-const p Bool)
(assert (not (=> (= (and p q) true) (= p true))))
(check-sat)

result: unsat
failed to reconstruct proof: incorrect number of universe levels th0
