goal: ∀ (p : Bool), p = true → p = true

query:
(assert (not (forall ((p Bool)) (=> (= p true) (= p true)))))
(check-sat)

result: unsat
failed to reconstruct proof: tactic 'apply' failed, failed to unify
  (¬∀ (p : Prop), Implies (p = True) (p = True)) → False
with
  ¬¬∀ (p : Bool), p = true → p = true
⊢ ¬¬∀ (p : Bool), p = true → p = true
